ASxxxx Linker V03.00 + NoICE + sdld,  page 1.
Hexadecimal  [32-Bits]

Area                                    Addr        Size        Decimal Bytes (Attributes)
--------------------------------        ----        ----        ------- ----- ------------
CABS                                00000000    00000000 =           0. bytes (ABS,CON,CODE)

      Value  Global                              Global Defined In Module
      -----  --------------------------------   ------------------------
C:   00000000  l_BIT_BANK                      
C:   00000000  l_BSEG                          
C:   00000000  l_BSEG_BYTES                    
C:   00000000  l_CABS                          
C:   00000000  l_CONST                         
C:   00000000  l_GSINIT                        
C:   00000000  l_GSINIT1                       
C:   00000000  l_GSINIT5                       
C:   00000000  l_IABS                          
C:   00000000  l_ISEG                          
C:   00000000  l_PSEG                          
C:   00000000  l_REG_BANK_1                    
C:   00000000  l_REG_BANK_2                    
C:   00000000  l_REG_BANK_3                    
C:   00000000  l_RSEG                          
C:   00000000  l_RSEG0                         
C:   00000000  l_RSEG1                         
C:   00000000  l_XABS                          
C:   00000000  l_XINIT                         
C:   00000000  l_XISEG                         
C:   00000000  l_XSEG                          
C:   00000000  l__CODE                         
C:   00000000  s_BSEG                          
C:   00000000  s_CABS                          
C:   00000000  s_DSEG                          
C:   00000000  s_HOME                          
C:   00000000  s_IABS                          
C:   00000000  s_ISEG                          
C:   00000000  s_REG_BANK_0                    
C:   00000000  s_RSEG                          
C:   00000000  s_RSEG0                         
C:   00000000  s_RSEG1                         
C:   00000000  s_XABS                          
C:   00000001  s_PSEG                          
C:   00000001  s_XISEG                         
C:   00000001  s_XSEG                          
C:   00000002  l_OSEG                          
C:   00000003  l_GSFINAL                       
C:   00000003  l_GSINIT0                       
C:   00000006  l_HOME                          
C:   00000006  s_GSINIT0                       
C:   00000008  l_REG_BANK_0                    
C:   00000008  s_REG_BANK_1                    
C:   00000009  s_GSINIT1                       
C:   00000009  s_GSINIT2                       
C:   0000000A  l_GSINIT2                       
C:   00000010  s_REG_BANK_2                    
C:   00000013  s_GSINIT3                       
C:   00000018  s_BIT_BANK                      
C:   00000018  s_REG_BANK_3                    
ASxxxx Linker V03.00 + NoICE + sdld,  page 2.
Hexadecimal  [32-Bits]

Area                                    Addr        Size        Decimal Bytes (Attributes)
--------------------------------        ----        ----        ------- ----- ------------
CABS                                00000000    00000000 =           0. bytes (ABS,CON,CODE)

      Value  Global                              Global Defined In Module
      -----  --------------------------------   ------------------------
C:   00000020  s_BSEG_BYTES                    
C:   00000020  s__CODE                         
C:   00000022  l_GSINIT3                       
C:   0000002A  l_GSINIT4                       
C:   00000035  s_GSINIT4                       
C:   00000035  s_OSEG                          
C:   00000037  s_SSEG                          
C:   0000005F  s_GSFINAL                       
C:   0000005F  s_GSINIT                        
C:   0000005F  s_GSINIT5                       
C:   00000062  s_CSEG                          
C:   00000080  l_DSEG                          
C:   000000C9  l_SSEG                          
C:   00000100  l_IRAM                          
C:   000003CC  l_CSEG                          
C:   0000042E  s_CONST                         
C:   0000042E  s_XINIT                         

ASxxxx Linker V03.00 + NoICE + sdld,  page 3.
Hexadecimal  [32-Bits]

Area                                    Addr        Size        Decimal Bytes (Attributes)
--------------------------------        ----        ----        ------- ----- ------------
.  .ABS.                            00000000    00000000 =           0. bytes (ABS,CON)

      Value  Global                              Global Defined In Module
      -----  --------------------------------   ------------------------
     00000000  .__.ABS.                           _startup
     00000080  _P0                                test2
     00000080  _P0_0                              test2
     00000081  _P0_1                              test2
     00000081  _SP                                test2
     00000082  _DPL                               test2
     00000082  _P0_2                              test2
     00000083  _DPH                               test2
     00000083  _P0_3                              test2
     00000084  _P0_4                              test2
     00000085  _P0_5                              test2
     00000086  _P0_6                              test2
     00000087  _P0_7                              test2
     00000087  _PCON                              test2
     00000088  _IT0                               test2
     00000088  _TCON                              test2
     00000089  _IE0                               test2
     00000089  _TMOD                              test2
     0000008A  _IT1                               test2
     0000008A  _TL0                               test2
     0000008B  _IE1                               test2
     0000008B  _TL1                               test2
     0000008C  _TH0                               test2
     0000008C  _TR0                               test2
     0000008D  _TF0                               test2
     0000008D  _TH1                               test2
     0000008E  _TR1                               test2
     0000008F  _TF1                               test2
     00000090  _P1                                test2
     00000090  _P1_0                              test2
     00000091  _P1_1                              test2
     00000092  _P1_2                              test2
     00000093  _P1_3                              test2
     00000094  _P1_4                              test2
     00000095  _P1_5                              test2
     00000096  _P1_6                              test2
     00000097  _P1_7                              test2
     00000098  _RI                                test2
     00000098  _SCON                              test2
     00000099  _SBUF                              test2
     00000099  _TI                                test2
     0000009A  _RB8                               test2
     0000009B  _TB8                               test2
     0000009C  _REN                               test2
     0000009D  _SM2                               test2
     0000009E  _SM1                               test2
     0000009F  _SM0                               test2
     000000A0  _P2                                test2
     000000A0  _P2_0                              test2
     000000A0  __XPAGE                            
ASxxxx Linker V03.00 + NoICE + sdld,  page 4.
Hexadecimal  [32-Bits]

Area                                    Addr        Size        Decimal Bytes (Attributes)
--------------------------------        ----        ----        ------- ----- ------------
.  .ABS.                            00000000    00000000 =           0. bytes (ABS,CON)

      Value  Global                              Global Defined In Module
      -----  --------------------------------   ------------------------
     000000A1  _P2_1                              test2
     000000A2  _P2_2                              test2
     000000A3  _P2_3                              test2
     000000A4  _P2_4                              test2
     000000A5  _P2_5                              test2
     000000A6  _P2_6                              test2
     000000A7  _P2_7                              test2
     000000A8  _EX0                               test2
     000000A8  _IE                                test2
     000000A9  _ET0                               test2
     000000AA  _EX1                               test2
     000000AB  _ET1                               test2
     000000AC  _ES                                test2
     000000AF  _EA                                test2
     000000B0  _P3                                test2
     000000B0  _P3_0                              test2
     000000B0  _RXD                               test2
     000000B1  _P3_1                              test2
     000000B1  _TXD                               test2
     000000B2  _INT0                              test2
     000000B2  _P3_2                              test2
     000000B3  _INT1                              test2
     000000B3  _P3_3                              test2
     000000B4  _P3_4                              test2
     000000B4  _T0                                test2
     000000B5  _P3_5                              test2
     000000B5  _T1                                test2
     000000B6  _P3_6                              test2
     000000B6  _WR                                test2
     000000B7  _P3_7                              test2
     000000B7  _RD                                test2
     000000B8  _IP                                test2
     000000B8  _PX0                               test2
     000000B9  _PT0                               test2
     000000BA  _PX1                               test2
     000000BB  _PT1                               test2
     000000BC  _PS                                test2
     000000D0  _P                                 test2
     000000D0  _PSW                               test2
     000000D1  _F1                                test2
     000000D2  _OV                                test2
     000000D3  _RS0                               test2
     000000D4  _RS1                               test2
     000000D5  _F0                                test2
     000000D6  _AC                                test2
     000000D7  _CY                                test2
     000000E0  _ACC                               test2
     000000F0  _B                                 test2

ASxxxx Linker V03.00 + NoICE + sdld,  page 5.
Hexadecimal  [32-Bits]

Area                                    Addr        Size        Decimal Bytes (Attributes)
--------------------------------        ----        ----        ------- ----- ------------
REG_BANK_0                          00000000    00000008 =           8. bytes (REL,OVR)

      Value  Global                              Global Defined In Module
      -----  --------------------------------   ------------------------
ASxxxx Linker V03.00 + NoICE + sdld,  page 6.
Hexadecimal  [32-Bits]

Area                                    Addr        Size        Decimal Bytes (Attributes)
--------------------------------        ----        ----        ------- ----- ------------
DSEG                                00000000    00000080 =         128. bytes (REL,CON)

      Value  Global                              Global Defined In Module
      -----  --------------------------------   ------------------------
     00000008  _x                                 test2
     00000009  _v                                 test2
     00000018  _tastaAnterioara                   test2
     00000019  _cifre                             test2
     00000025  _cif                               test2
     00000026  _n                                 test2
     00000027  _a                                 test2
     00000028  _b                                 test2
     00000029  _c                                 test2
     0000002A  _aux                               test2
     0000002B  _i                                 test2
     0000002C  _j                                 test2
     0000002D  _rez                               test2
     0000002E  _delta                             test2
     0000002F  _display                           test2
     00000032  _disp                              test2
     00000033  _n_afis                            test2
     00000034  _nrCif                             test2
ASxxxx Linker V03.00 + NoICE + sdld,  page 7.
Hexadecimal  [32-Bits]

Area                                    Addr        Size        Decimal Bytes (Attributes)
--------------------------------        ----        ----        ------- ----- ------------
OSEG                                00000035    00000002 =           2. bytes (REL,OVR)

      Value  Global                              Global Defined In Module
      -----  --------------------------------   ------------------------
     00000035  __divsint_PARM_2                   _divuint
     00000035  __divuint_PARM_2                   _divuint
     00000035  __modsint_PARM_2                   _moduint
     00000035  __moduint_PARM_2                   _moduint

ASxxxx Linker V03.00 + NoICE + sdld,  page 8.
Hexadecimal  [32-Bits]

Area                                    Addr        Size        Decimal Bytes (Attributes)
--------------------------------        ----        ----        ------- ----- ------------
SSEG                                00000037    000000C9 =         201. bytes (REL,OVR)

      Value  Global                              Global Defined In Module
      -----  --------------------------------   ------------------------
     00000037  __start__stack                     test2

ASxxxx Linker V03.00 + NoICE + sdld,  page 9.
Hexadecimal  [32-Bits]

Area                                    Addr        Size        Decimal Bytes (Attributes)
--------------------------------        ----        ----        ------- ----- ------------
HOME                                00000000    00000006 =           6. bytes (REL,CON,CODE)

      Value  Global                              Global Defined In Module
      -----  --------------------------------   ------------------------
C:   00000003  __sdcc_program_startup             test2

ASxxxx Linker V03.00 + NoICE + sdld,  page 10.
Hexadecimal  [32-Bits]

Area                                    Addr        Size        Decimal Bytes (Attributes)
--------------------------------        ----        ----        ------- ----- ------------
GSINIT0                             00000006    00000003 =           3. bytes (REL,CON,CODE)

      Value  Global                              Global Defined In Module
      -----  --------------------------------   ------------------------
C:   00000006  __sdcc_gsinit_startup              

ASxxxx Linker V03.00 + NoICE + sdld,  page 11.
Hexadecimal  [32-Bits]

Area                                    Addr        Size        Decimal Bytes (Attributes)
--------------------------------        ----        ----        ------- ----- ------------
GSINIT2                             00000009    0000000A =          10. bytes (REL,CON,CODE)

      Value  Global                              Global Defined In Module
      -----  --------------------------------   ------------------------
ASxxxx Linker V03.00 + NoICE + sdld,  page 12.
Hexadecimal  [32-Bits]

Area                                    Addr        Size        Decimal Bytes (Attributes)
--------------------------------        ----        ----        ------- ----- ------------
GSINIT3                             00000013    00000022 =          34. bytes (REL,CON,CODE)

      Value  Global                              Global Defined In Module
      -----  --------------------------------   ------------------------
C:   00000013  __mcs51_genXINIT                   

ASxxxx Linker V03.00 + NoICE + sdld,  page 13.
Hexadecimal  [32-Bits]

Area                                    Addr        Size        Decimal Bytes (Attributes)
--------------------------------        ----        ----        ------- ----- ------------
GSINIT4                             00000035    0000002A =          42. bytes (REL,CON,CODE)

      Value  Global                              Global Defined In Module
      -----  --------------------------------   ------------------------
C:   00000035  __mcs51_genRAMCLEAR                
C:   0000003B  __mcs51_genXRAMCLEAR               

ASxxxx Linker V03.00 + NoICE + sdld,  page 14.
Hexadecimal  [32-Bits]

Area                                    Addr        Size        Decimal Bytes (Attributes)
--------------------------------        ----        ----        ------- ----- ------------
GSFINAL                             0000005F    00000003 =           3. bytes (REL,CON,CODE)

      Value  Global                              Global Defined In Module
      -----  --------------------------------   ------------------------
ASxxxx Linker V03.00 + NoICE + sdld,  page 15.
Hexadecimal  [32-Bits]

Area                                    Addr        Size        Decimal Bytes (Attributes)
--------------------------------        ----        ----        ------- ----- ------------
CSEG                                00000062    000003CC =         972. bytes (REL,CON,CODE)

      Value  Global                              Global Defined In Module
      -----  --------------------------------   ------------------------
C:   00000062  _main                              test2
C:   00000346  __moduint                          _moduint
C:   00000393  __divuint                          _divuint
C:   000003BC  __modsint                          _modsint
C:   000003F2  __divsint                          _divsint
C:   0000042A  __sdcc_external_startup            _startup
ASxxxx Linker V03.00 + NoICE + sdld,  page 16.

Files Linked                              [ module(s) ]

test2.rel                                 [  ]


Libraries Linked                          [ object file ]

/usr/bin/../share/sdcc/lib/small/mcs51.lib
                                          [ crtclear.rel ]
/usr/bin/../share/sdcc/lib/small/mcs51.lib
                                          [ crtxinit.rel ]
/usr/bin/../share/sdcc/lib/small/libint.lib
                                          [ _moduint.rel ]
/usr/bin/../share/sdcc/lib/small/mcs51.lib
                                          [ crtxclear.rel ]
/usr/bin/../share/sdcc/lib/small/libint.lib
                                          [ _divuint.rel ]
/usr/bin/../share/sdcc/lib/small/mcs51.lib
                                          [ crtpagesfr.rel ]
/usr/bin/../share/sdcc/lib/small/mcs51.lib
                                          [ crtstart.rel ]
/usr/bin/../share/sdcc/lib/small/libint.lib
                                          [ _modsint.rel ]
/usr/bin/../share/sdcc/lib/small/libint.lib
                                          [ _divsint.rel ]
/usr/bin/../share/sdcc/lib/small/libsdcc.lib
                                          [ _startup.rel ]

ASxxxx Linker V03.00 + NoICE + sdld,  page 17.

User Base Address Definitions

HOME = 0x0000
XSEG = 0x0001
PSEG = 0x0001
ISEG = 0x0000
BSEG = 0x0000

